a-btgbso.adb
a-btgbso.ads
a-calclo.adb
a-calcon.adb
a-calcon.ads
a-calend.adb
a-calend.ads
a-cbdlli.adb
a-cbdlli.ads
a-cbhama.adb
a-cbhama.ads
a-cbhase.adb
a-cbhase.ads
a-cbmutr.adb
a-cbmutr.ads
a-cborma.adb
a-cborma.ads
a-cborse.adb
a-cborse.ads
a-cdlili.adb
a-cdlili.ads
a-cgaaso.adb
a-cgaaso.ads
a-cgarso.adb
a-cgarso.ads
a-cgcaso.adb
a-cgcaso.ads
a-chacon.adb
a-chacon.ads
a-chlat9.ads
a-chtgbk.adb
a-chtgbk.ads
a-chtgbo.adb
a-chtgbo.ads
a-chtgke.adb
a-chtgke.ads
a-chtgop.adb
a-chtgop.ads
a-chzla1.ads
a-chzla9.ads
a-cidlli.adb
a-cidlli.ads
a-cihama.adb
a-cihama.ads
a-cihase.adb
a-cihase.ads
a-cimutr.adb
a-cimutr.ads
a-ciorma.adb
a-ciorma.ads
a-ciormu.adb
a-ciormu.ads
a-ciorse.adb
a-ciorse.ads
a-coboho.adb
a-coboho.ads
a-cobove.adb
a-cobove.ads
a-cogeso.adb
a-cogeso.ads
a-cohama.adb
a-cohama.ads
a-cohase.adb
a-cohase.ads
a-cohata.ads
a-coinho.adb
a-coinho.ads
a-coinve.adb
a-coinve.ads
a-comutr.adb
a-comutr.ads
a-conhel.adb
a-conhel.ads
a-contai.ads
a-convec.adb
a-convec.ads
a-coorma.adb
a-coorma.ads
a-coormu.adb
a-coormu.ads
a-coorse.adb
a-coorse.ads
a-coprnu.adb
a-coprnu.ads
a-costso.adb
a-costso.ads
a-crbltr.ads
a-crbtgk.adb
a-crbtgk.ads
a-crbtgo.adb
a-crbtgo.ads
a-crdlli.adb
a-crdlli.ads
a-csquin.ads
a-cwila1.ads
a-cwila9.ads
a-decima.adb
a-decima.ads
a-einuoc.adb
a-einuoc.ads
a-excach.adb
a-exctra.adb
a-exctra.ads
a-exexda.adb
a-exexpr.adb
a-exextr.adb
a-exstat.adb
a-finali.adb
a-finali.ads
a-ioexce.ads
a-iteint.ads
a-nbnbin.adb
a-nbnbin.ads
a-nbnbre.adb
a-nbnbre.ads
a-ncelfu.ads
a-ngcefu.adb
a-ngcefu.ads
a-ngcoar.adb
a-ngcoar.ads
a-ngcoty.adb
a-ngcoty.ads
a-ngrear.adb
a-ngrear.ads
a-nlcefu.ads
a-nlcoar.ads
a-nlcoty.ads
a-nllcar.ads
a-nllcef.ads
a-nllcty.ads
a-nllrar.ads
a-nlrear.ads
a-nscefu.ads
a-nscoty.ads
a-nucoar.ads
a-nucoty.ads
a-nudira.adb
a-nudira.ads
a-nuflra.adb
a-nuflra.ads
a-nurear.ads
a-rbtgbk.adb
a-rbtgbk.ads
a-rbtgbo.adb
a-rbtgbo.ads
a-rbtgso.adb
a-rbtgso.ads
a-sbecin.adb
a-sbecin.ads
a-sbhcin.adb
a-sbhcin.ads
a-sblcin.adb
a-sblcin.ads
a-secain.adb
a-secain.ads
a-sfecin.ads
a-sfhcin.ads
a-sflcin.ads
a-shcain.adb
a-shcain.ads
a-slcain.adb
a-slcain.ads
a-stboha.adb
a-stboha.ads
a-stbubo.adb
a-stbubo.ads
a-stbuun.adb
a-stbuun.ads
a-stbuut.adb
a-stbuut.ads
a-stfiha.ads
a-storio.adb
a-storio.ads
a-stream.adb
a-stream.ads
a-strhas.adb
a-strhas.ads
a-strunb.adb
a-strunb.ads
a-sttebu.adb
a-sttebu.ads
a-stunau.adb
a-stunau.ads
a-stunha.adb
a-stunha.ads
a-stuten.adb
a-stuten.ads
a-stwibo.adb
a-stwibo.ads
a-stwifi.adb
a-stwifi.ads
a-stwiha.adb
a-stwiha.ads
a-stwima.adb
a-stwima.ads
a-stwise.adb
a-stwise.ads
a-stwisu.adb
a-stwisu.ads
a-stwiun.adb
a-stwiun.ads
a-stzbou.adb
a-stzbou.ads
a-stzfix.adb
a-stzfix.ads
a-stzhas.adb
a-stzhas.ads
a-stzmap.adb
a-stzmap.ads
a-stzsea.adb
a-stzsea.ads
a-stzsup.adb
a-stzsup.ads
a-stzunb.adb
a-stzunb.ads
a-suecin.adb
a-suecin.ads
a-suenco.adb
a-suenco.ads
a-suenst.adb
a-suenst.ads
a-suewst.adb
a-suewst.ads
a-suezst.adb
a-suezst.ads
a-suhcin.adb
a-suhcin.ads
a-sulcin.adb
a-sulcin.ads
a-swbwha.adb
a-swbwha.ads
a-swfwha.ads
a-swmwco.ads
a-swunau.adb
a-swunau.ads
a-swuwha.adb
a-swuwha.ads
a-szbzha.adb
a-szbzha.ads
a-szfzha.ads
a-szmzco.ads
a-szunau.adb
a-szunau.ads
a-szuzha.adb
a-szuzha.ads
a-undesu.adb
a-undesu.ads
a-wichha.adb
a-wichha.ads
a-wichun.adb
a-wichun.ads
a-widcha.ads
a-zchara.ads
a-zchhan.adb
a-zchhan.ads
a-zchuni.adb
a-zchuni.ads
adaint-xi.c
g-arrspl.adb
g-arrspl.ads
g-bubsor.adb
g-bubsor.ads
g-busora.adb
g-busora.ads
g-busorg.adb
g-busorg.ads
g-bytswa.adb
g-bytswa.ads
g-casuti.adb
g-casuti.ads
g-comver.adb
g-comver.ads
g-cpp.ads
g-cppexc.adb
g-cppexc.ads
g-cppstd.adb
g-cppstd.ads
g-crc32.adb
g-crc32.ads
g-cstyin.adb
g-cstyin.ads
g-dyntab.adb
g-dyntab.ads
g-except.ads
g-heasor.adb
g-heasor.ads
g-hesora.adb
g-hesora.ads
g-hesorg.adb
g-hesorg.ads
g-htable.adb
g-htable.ads
g-md5.adb
g-md5.ads
g-moreex.adb
g-moreex.ads
g-regexp.ads
g-sechas.adb
g-sechas.ads
g-sehamd.adb
g-sehamd.ads
g-sehash.adb
g-sehash.ads
g-sha1.adb
g-sha1.ads
g-sha224.ads
g-sha256.ads
g-sha384.ads
g-sha512.ads
g-shsh32.adb
g-shsh32.ads
g-shsh64.adb
g-shsh64.ads
g-shshco.adb
g-shshco.ads
g-string.ads
g-strspl.ads
g-table.adb
g-table.ads
g-tasloc.ads
g-wistsp.ads
i-cobol.adb
i-cobol.ads
i-fortra.adb
i-fortra.ads
i-pacdec.adb
i-pacdec.ads
ioexcept.ads
newlib-bb.c
raise-gcc.c
raise.h
s-addima.adb
s-addima.ads
s-chepoo.ads
s-crc32.adb
s-crc32.ads
s-excdeb.adb
s-excdeb.ads
s-except.adb
s-except.ads
s-excmac.adb
s-excmac.ads
s-exctab.adb
s-exctab.ads
s-finpri.adb
s-finpri.ads
s-finroo.adb
s-finroo.ads
s-fode128.ads
s-fode32.ads
s-fode64.ads
s-fofi128.ads
s-fofi32.ads
s-fofi64.ads
s-fore_d.adb
s-fore_d.ads
s-fore_f.adb
s-fore_f.ads
s-forrea.adb
s-forrea.ads
s-gearop.adb
s-gearop.ads
s-genbig.adb
s-genbig.ads
s-htable.adb
s-htable.ads
s-imad32.ads
s-imad64.ads
s-imagea.adb
s-imagea.ads
s-imgwch.adb
s-imgwch.ads
s-init.adb
s-init.ads
s-io.adb
s-io.ads
s-mantis.adb
s-mantis.ads
s-mastop.adb
s-mastop.ads
s-oslock.ads
s-pooglo.adb
s-pooglo.ads
s-pooloc.adb
s-pooloc.ads
s-poosiz.adb
s-poosiz.ads
s-putima.adb
s-putima.ads
s-rannum.adb
s-rannum.ads
s-ransee.adb
s-ransee.ads
s-regexp.adb
s-regexp.ads
s-restri.adb
s-restri.ads
s-rident.ads
s-scaval.adb
s-scaval.ads
s-shabig.ads
s-soflin.adb
s-soflin.ads
s-spsufi.adb
s-spsufi.ads
s-stalib.adb
s-stalib.ads
s-statxd.adb
s-statxd.ads
s-stopoo.adb
s-stopoo.ads
s-stposu.adb
s-stposu.ads
s-stratt.adb
s-stratt.ads
s-strhas.adb
s-strhas.ads
s-string.adb
s-string.ads
s-tasloc.adb
s-tasloc.ads
s-traceb.adb
s-traceb.ads
s-traent.adb
s-traent.ads
s-trasym.adb
s-trasym.ads
s-utf_32.adb
s-utf_32.ads
s-valwch.adb
s-valwch.ads
s-vercon.adb
s-vercon.ads
s-wchcnv.adb
s-wchcnv.ads
s-wchcon.adb
s-wchcon.ads
s-wchjis.adb
s-wchjis.ads
s-wchstw.adb
s-wchstw.ads
s-wchwts.adb
s-wchwts.ads
s-widboo.adb
s-widboo.ads
s-widcha.adb
s-widcha.ads
s-widenu.adb
s-widenu.ads
s-widwch.adb
s-widwch.ads
s-wwdcha.adb
s-wwdcha.ads
s-wwdenu.adb
s-wwdenu.ads
s-wwdwch.adb
s-wwdwch.ads
tconfig.h
tsystem.h
unwind-dw2-fde-bb.c
unwind-dw2-fde.h
unwind-pe.h
