a-exetim.adb
a-exetim.ads
a-extiin.adb
a-extiin.ads
a-interr.adb
a-interr.ads
a-reatim.adb
a-reatim.ads
a-retide.adb
a-retide.ads
a-rttiev.adb
a-rttiev.ads
a-synbar.adb
a-synbar.ads
a-sytaco.adb
a-sytaco.ads
a-taside.adb
a-taside.ads
a-taster.adb
a-taster.ads
g-boubuf.adb
g-boubuf.ads
g-boumai.ads
g-semaph.adb
g-semaph.ads
s-bbexti.adb
s-bbexti.ads
s-bbinte.adb
s-bbinte.ads
s-bbprot.adb
s-bbprot.ads
s-bbsumu.adb
s-bbsuti.adb
s-bbthqu.adb
s-bbthqu.ads
s-bbthre.adb
s-bbthre.ads
s-bbtiev.adb
s-bbtiev.ads
s-bbtime.adb
s-bbtime.ads
s-bcprmu.adb
s-bcprmu.ads
s-btstch.adb
s-btstch.ads
s-interr.adb
s-interr.ads
s-mufalo.adb
s-mufalo.ads
s-multip.adb
s-multip.ads
s-musplo.adb
s-musplo.ads
s-osinte.ads
s-putaim.adb
s-putaim.ads
s-reldel.adb
s-reldel.ads
s-restri.adb
s-restri.ads
s-rident.ads
s-taprob.adb
s-taprob.ads
s-taprop.adb
s-taprop.ads
s-tarest.adb
s-tarest.ads
s-tasdeb.adb
s-tasdeb.ads
s-tasinf.adb
s-tasinf.ads
s-taskin.adb
s-taspri.ads
s-tasque.adb
s-tasque.ads
s-tasres.ads
s-tpoben.adb
s-tpoben.ads
s-tpobmu.adb
s-tpobmu.ads
trap_handler.S
