a-assert.adb
a-assert.ads
a-btgbso.adb
a-btgbso.ads
a-calclo.adb
a-calcon.adb
a-calcon.ads
a-calend.adb
a-calend.ads
a-cbdlli.adb
a-cbdlli.ads
a-cbhama.adb
a-cbhama.ads
a-cbhase.adb
a-cbhase.ads
a-cbmutr.adb
a-cbmutr.ads
a-cborma.adb
a-cborma.ads
a-cborse.adb
a-cborse.ads
a-cdlili.adb
a-cdlili.ads
a-cgaaso.adb
a-cgaaso.ads
a-cgarso.adb
a-cgarso.ads
a-cgcaso.adb
a-cgcaso.ads
a-chacon.adb
a-chacon.ads
a-chahan.adb
a-chahan.ads
a-charac.ads
a-chlat1.ads
a-chlat9.ads
a-chtgbk.adb
a-chtgbk.ads
a-chtgbo.adb
a-chtgbo.ads
a-chtgke.adb
a-chtgke.ads
a-chtgop.adb
a-chtgop.ads
a-chzla1.ads
a-chzla9.ads
a-cidlli.adb
a-cidlli.ads
a-cihama.adb
a-cihama.ads
a-cihase.adb
a-cihase.ads
a-cimutr.adb
a-cimutr.ads
a-ciorma.adb
a-ciorma.ads
a-ciormu.adb
a-ciormu.ads
a-ciorse.adb
a-ciorse.ads
a-coboho.adb
a-coboho.ads
a-cobove.adb
a-cobove.ads
a-cogeso.adb
a-cogeso.ads
a-cohama.adb
a-cohama.ads
a-cohase.adb
a-cohase.ads
a-cohata.ads
a-coinho.adb
a-coinho.ads
a-coinve.adb
a-coinve.ads
a-comutr.adb
a-comutr.ads
a-conhel.adb
a-conhel.ads
a-contai.ads
a-convec.adb
a-convec.ads
a-coorma.adb
a-coorma.ads
a-coormu.adb
a-coormu.ads
a-coorse.adb
a-coorse.ads
a-coprnu.adb
a-coprnu.ads
a-costso.adb
a-costso.ads
a-crbltr.ads
a-crbtgk.adb
a-crbtgk.ads
a-crbtgo.adb
a-crbtgo.ads
a-crdlli.adb
a-crdlli.ads
a-csquin.ads
a-cwila1.ads
a-cwila9.ads
a-decima.adb
a-decima.ads
a-einuoc.adb
a-einuoc.ads
a-elchha.adb
a-elchha.ads
a-excach.adb
a-except.adb
a-except.ads
a-exctra.adb
a-exctra.ads
a-exexda.adb
a-exexpr.adb
a-exextr.adb
a-exstat.adb
a-finali.adb
a-finali.ads
a-ioexce.ads
a-iteint.ads
a-nbnbig.adb
a-nbnbig.ads
a-nbnbin.adb
a-nbnbin.ads
a-nbnbre.adb
a-nbnbre.ads
a-ncelfu.ads
a-ngcefu.adb
a-ngcefu.ads
a-ngcoar.adb
a-ngcoar.ads
a-ngcoty.adb
a-ngcoty.ads
a-ngelfu.adb
a-ngelfu.ads
a-ngrear.adb
a-ngrear.ads
a-nlcefu.ads
a-nlcoar.ads
a-nlcoty.ads
a-nlelfu.ads
a-nllcar.ads
a-nllcef.ads
a-nllcty.ads
a-nllefu.ads
a-nllrar.ads
a-nlrear.ads
a-nscefu.ads
a-nscoty.ads
a-nselfu.ads
a-nubinu.ads
a-nucoar.ads
a-nucoty.ads
a-nudira.adb
a-nudira.ads
a-nuelfu.ads
a-nuflra.adb
a-nuflra.ads
a-numaux.ads
a-numeri.ads
a-nurear.ads
a-rbtgbk.adb
a-rbtgbk.ads
a-rbtgbo.adb
a-rbtgbo.ads
a-rbtgso.adb
a-rbtgso.ads
a-sbecin.adb
a-sbecin.ads
a-sbhcin.adb
a-sbhcin.ads
a-sblcin.adb
a-sblcin.ads
a-secain.adb
a-secain.ads
a-sfecin.ads
a-sfhcin.ads
a-sflcin.ads
a-shcain.adb
a-shcain.ads
a-slcain.adb
a-slcain.ads
a-stboha.adb
a-stboha.ads
a-stbubo.adb
a-stbubo.ads
a-stbuun.adb
a-stbuun.ads
a-stbuut.adb
a-stbuut.ads
a-stfiha.ads
a-stmaco.ads
a-storio.adb
a-storio.ads
a-strbou.adb
a-strbou.ads
a-stream.adb
a-stream.ads
a-strfix.adb
a-strfix.ads
a-strhas.adb
a-strhas.ads
a-string.ads
a-strmap.adb
a-strmap.ads
a-strsea.adb
a-strsea.ads
a-strsup.adb
a-strsup.ads
a-strunb.adb
a-strunb.ads
a-sttebu.adb
a-sttebu.ads
a-stunau.adb
a-stunau.ads
a-stunha.adb
a-stunha.ads
a-stuten.adb
a-stuten.ads
a-stwibo.adb
a-stwibo.ads
a-stwifi.adb
a-stwifi.ads
a-stwiha.adb
a-stwiha.ads
a-stwima.adb
a-stwima.ads
a-stwise.adb
a-stwise.ads
a-stwisu.adb
a-stwisu.ads
a-stwiun.adb
a-stwiun.ads
a-stzbou.adb
a-stzbou.ads
a-stzfix.adb
a-stzfix.ads
a-stzhas.adb
a-stzhas.ads
a-stzmap.adb
a-stzmap.ads
a-stzsea.adb
a-stzsea.ads
a-stzsup.adb
a-stzsup.ads
a-stzunb.adb
a-stzunb.ads
a-suecin.adb
a-suecin.ads
a-suenco.adb
a-suenco.ads
a-suenst.adb
a-suenst.ads
a-suewst.adb
a-suewst.ads
a-suezst.adb
a-suezst.ads
a-suhcin.adb
a-suhcin.ads
a-sulcin.adb
a-sulcin.ads
a-swbwha.adb
a-swbwha.ads
a-swfwha.ads
a-swmwco.ads
a-swunau.adb
a-swunau.ads
a-swuwha.adb
a-swuwha.ads
a-szbzha.adb
a-szbzha.ads
a-szfzha.ads
a-szmzco.ads
a-szunau.adb
a-szunau.ads
a-szuzha.adb
a-szuzha.ads
a-tags.adb
a-tags.ads
a-textio.adb
a-textio.ads
a-unccon.ads
a-uncdea.ads
a-undesu.adb
a-undesu.ads
a-wichha.adb
a-wichha.ads
a-wichun.adb
a-wichun.ads
a-widcha.ads
a-zchara.ads
a-zchhan.adb
a-zchhan.ads
a-zchuni.adb
a-zchuni.ads
ada.ads
adaint-xi.c
g-arrspl.adb
g-arrspl.ads
g-bubsor.adb
g-bubsor.ads
g-busora.adb
g-busora.ads
g-busorg.adb
g-busorg.ads
g-bytswa.adb
g-bytswa.ads
g-casuti.adb
g-casuti.ads
g-comver.adb
g-comver.ads
g-cpp.ads
g-cppexc.adb
g-cppexc.ads
g-cppstd.adb
g-cppstd.ads
g-crc32.adb
g-crc32.ads
g-cstyin.adb
g-cstyin.ads
g-debuti.adb
g-debuti.ads
g-dyntab.adb
g-dyntab.ads
g-except.ads
g-heasor.adb
g-heasor.ads
g-hesora.adb
g-hesora.ads
g-hesorg.adb
g-hesorg.ads
g-htable.adb
g-htable.ads
g-io-put.adb
g-io.adb
g-io.ads
g-md5.adb
g-md5.ads
g-moreex.adb
g-moreex.ads
g-regexp.ads
g-sechas.adb
g-sechas.ads
g-sehamd.adb
g-sehamd.ads
g-sehash.adb
g-sehash.ads
g-sestin.ads
g-sha1.adb
g-sha1.ads
g-sha224.ads
g-sha256.ads
g-sha384.ads
g-sha512.ads
g-shsh32.adb
g-shsh32.ads
g-shsh64.adb
g-shsh64.ads
g-shshco.adb
g-shshco.ads
g-souinf.ads
g-string.ads
g-strspl.ads
g-table.adb
g-table.ads
g-tasloc.ads
g-wistsp.ads
gnat.ads
i-c.adb
i-c.ads
i-cexten.ads
i-cobol.adb
i-cobol.ads
i-cpoint.adb
i-cpoint.ads
i-cstrin.adb
i-cstrin.ads
i-fortra.adb
i-fortra.ads
i-pacdec.adb
i-pacdec.ads
interfac.ads
ioexcept.ads
machcode.ads
newlib-bb.c
raise-gcc.c
raise.h
s-addima.adb
s-addima.ads
s-addope.adb
s-addope.ads
s-aridou.adb
s-aridou.ads
s-arit128.adb
s-arit128.ads
s-arit32.adb
s-arit32.ads
s-arit64.adb
s-arit64.ads
s-assert.adb
s-assert.ads
s-atacco.adb
s-atacco.ads
s-atocou.adb
s-atocou.ads
s-atopri.adb
s-atopri.ads
s-bitops.adb
s-bitops.ads
s-boarop.ads
s-bytswa.ads
s-carsi8.adb
s-carsi8.ads
s-carun8.adb
s-carun8.ads
s-casi128.adb
s-casi128.ads
s-casi16.adb
s-casi16.ads
s-casi32.adb
s-casi32.ads
s-casi64.adb
s-casi64.ads
s-casuti.adb
s-casuti.ads
s-caun128.adb
s-caun128.ads
s-caun16.adb
s-caun16.ads
s-caun32.adb
s-caun32.ads
s-caun64.adb
s-caun64.ads
s-chepoo.ads
s-crc32.adb
s-crc32.ads
s-dorepr.adb
s-dourea.adb
s-dourea.ads
s-excdeb.adb
s-excdeb.ads
s-except.adb
s-except.ads
s-excmac.adb
s-excmac.ads
s-exctab.adb
s-exctab.ads
s-exnflt.ads
s-exnint.ads
s-exnlfl.ads
s-exnllf.ads
s-exnlli.ads
s-exnllli.ads
s-expint.ads
s-explli.ads
s-expllli.ads
s-explllu.ads
s-expllu.ads
s-expmod.adb
s-expmod.ads
s-exponn.adb
s-exponn.ads
s-exponr.adb
s-exponr.ads
s-expont.adb
s-expont.ads
s-exponu.adb
s-exponu.ads
s-expuns.ads
s-fatflt.ads
s-fatgen.adb
s-fatgen.ads
s-fatlfl.ads
s-fatllf.ads
s-finpri.adb
s-finpri.ads
s-finroo.adb
s-finroo.ads
s-flocon.adb
s-flocon.ads
s-fode128.ads
s-fode32.ads
s-fode64.ads
s-fofi128.ads
s-fofi32.ads
s-fofi64.ads
s-fore_d.adb
s-fore_d.ads
s-fore_f.adb
s-fore_f.ads
s-forrea.adb
s-forrea.ads
s-gcmain.adb
s-gcmain.ads
s-gearop.adb
s-gearop.ads
s-genbig.adb
s-genbig.ads
s-geveop.adb
s-geveop.ads
s-htable.adb
s-htable.ads
s-imad32.ads
s-imad64.ads
s-imagea.adb
s-imagea.ads
s-imaged.adb
s-imaged.ads
s-imagef.adb
s-imagef.ads
s-imagei.adb
s-imagei.ads
s-imagen.adb
s-imagen.ads
s-imager.adb
s-imager.ads
s-imageu.adb
s-imageu.ads
s-imagew.adb
s-imagew.ads
s-imde128.ads
s-imde32.ads
s-imde64.ads
s-imen16.ads
s-imen32.ads
s-imenu8.ads
s-imfi128.ads
s-imfi32.ads
s-imfi64.ads
s-imgboo.adb
s-imgboo.ads
s-imgcha.adb
s-imgcha.ads
s-imgflt.ads
s-imgint.ads
s-imglfl.ads
s-imgllf.ads
s-imglli.ads
s-imgllli.ads
s-imglllu.ads
s-imglllw.ads
s-imgllu.ads
s-imgllw.ads
s-imguns.ads
s-imguti.adb
s-imguti.ads
s-imgwch.adb
s-imgwch.ads
s-imgwiu.ads
s-init.adb
s-init.ads
s-io.adb
s-io.ads
s-libdou.adb
s-libdou.ads
s-libm.adb
s-libm.ads
s-libpre.ads
s-libsin.adb
s-libsin.ads
s-lidosq.adb
s-lidosq.ads
s-lisisq.adb
s-lisisq.ads
s-maccod.ads
s-mantis.adb
s-mantis.ads
s-mastop.adb
s-mastop.ads
s-memcom.adb
s-memcom.ads
s-memcop.adb
s-memcop.ads
s-memmov.adb
s-memmov.ads
s-memory.adb
s-memory.ads
s-memset.adb
s-memset.ads
s-memtyp.ads
s-oslock.ads
s-pack03.adb
s-pack03.ads
s-pack05.adb
s-pack05.ads
s-pack06.adb
s-pack06.ads
s-pack07.adb
s-pack07.ads
s-pack09.adb
s-pack09.ads
s-pack10.adb
s-pack10.ads
s-pack100.adb
s-pack100.ads
s-pack101.adb
s-pack101.ads
s-pack102.adb
s-pack102.ads
s-pack103.adb
s-pack103.ads
s-pack105.adb
s-pack105.ads
s-pack106.adb
s-pack106.ads
s-pack107.adb
s-pack107.ads
s-pack108.adb
s-pack108.ads
s-pack109.adb
s-pack109.ads
s-pack11.adb
s-pack11.ads
s-pack110.adb
s-pack110.ads
s-pack111.adb
s-pack111.ads
s-pack113.adb
s-pack113.ads
s-pack114.adb
s-pack114.ads
s-pack115.adb
s-pack115.ads
s-pack116.adb
s-pack116.ads
s-pack117.adb
s-pack117.ads
s-pack118.adb
s-pack118.ads
s-pack119.adb
s-pack119.ads
s-pack12.adb
s-pack12.ads
s-pack121.adb
s-pack121.ads
s-pack122.adb
s-pack122.ads
s-pack123.adb
s-pack123.ads
s-pack124.adb
s-pack124.ads
s-pack125.adb
s-pack125.ads
s-pack126.adb
s-pack126.ads
s-pack127.adb
s-pack127.ads
s-pack13.adb
s-pack13.ads
s-pack14.adb
s-pack14.ads
s-pack15.adb
s-pack15.ads
s-pack17.adb
s-pack17.ads
s-pack18.adb
s-pack18.ads
s-pack19.adb
s-pack19.ads
s-pack20.adb
s-pack20.ads
s-pack21.adb
s-pack21.ads
s-pack22.adb
s-pack22.ads
s-pack23.adb
s-pack23.ads
s-pack25.adb
s-pack25.ads
s-pack26.adb
s-pack26.ads
s-pack27.adb
s-pack27.ads
s-pack28.adb
s-pack28.ads
s-pack29.adb
s-pack29.ads
s-pack30.adb
s-pack30.ads
s-pack31.adb
s-pack31.ads
s-pack33.adb
s-pack33.ads
s-pack34.adb
s-pack34.ads
s-pack35.adb
s-pack35.ads
s-pack36.adb
s-pack36.ads
s-pack37.adb
s-pack37.ads
s-pack38.adb
s-pack38.ads
s-pack39.adb
s-pack39.ads
s-pack41.adb
s-pack41.ads
s-pack42.adb
s-pack42.ads
s-pack43.adb
s-pack43.ads
s-pack44.adb
s-pack44.ads
s-pack45.adb
s-pack45.ads
s-pack46.adb
s-pack46.ads
s-pack47.adb
s-pack47.ads
s-pack49.adb
s-pack49.ads
s-pack50.adb
s-pack50.ads
s-pack51.adb
s-pack51.ads
s-pack52.adb
s-pack52.ads
s-pack53.adb
s-pack53.ads
s-pack54.adb
s-pack54.ads
s-pack55.adb
s-pack55.ads
s-pack57.adb
s-pack57.ads
s-pack58.adb
s-pack58.ads
s-pack59.adb
s-pack59.ads
s-pack60.adb
s-pack60.ads
s-pack61.adb
s-pack61.ads
s-pack62.adb
s-pack62.ads
s-pack63.adb
s-pack63.ads
s-pack65.adb
s-pack65.ads
s-pack66.adb
s-pack66.ads
s-pack67.adb
s-pack67.ads
s-pack68.adb
s-pack68.ads
s-pack69.adb
s-pack69.ads
s-pack70.adb
s-pack70.ads
s-pack71.adb
s-pack71.ads
s-pack73.adb
s-pack73.ads
s-pack74.adb
s-pack74.ads
s-pack75.adb
s-pack75.ads
s-pack76.adb
s-pack76.ads
s-pack77.adb
s-pack77.ads
s-pack78.adb
s-pack78.ads
s-pack79.adb
s-pack79.ads
s-pack81.adb
s-pack81.ads
s-pack82.adb
s-pack82.ads
s-pack83.adb
s-pack83.ads
s-pack84.adb
s-pack84.ads
s-pack85.adb
s-pack85.ads
s-pack86.adb
s-pack86.ads
s-pack87.adb
s-pack87.ads
s-pack89.adb
s-pack89.ads
s-pack90.adb
s-pack90.ads
s-pack91.adb
s-pack91.ads
s-pack92.adb
s-pack92.ads
s-pack93.adb
s-pack93.ads
s-pack94.adb
s-pack94.ads
s-pack95.adb
s-pack95.ads
s-pack97.adb
s-pack97.ads
s-pack98.adb
s-pack98.ads
s-pack99.adb
s-pack99.ads
s-pooglo.adb
s-pooglo.ads
s-pooloc.adb
s-pooloc.ads
s-poosiz.adb
s-poosiz.ads
s-powflt.ads
s-powlfl.ads
s-powllf.ads
s-putima.adb
s-putima.ads
s-rannum.adb
s-rannum.ads
s-ransee.adb
s-ransee.ads
s-regexp.adb
s-regexp.ads
s-restri.adb
s-restri.ads
s-retsta.ads
s-rident.ads
s-scaval.adb
s-scaval.ads
s-secsta.adb
s-secsta.ads
s-shabig.ads
s-soflin.adb
s-soflin.ads
s-spark.ads
s-spcuop.adb
s-spcuop.ads
s-spsufi.adb
s-spsufi.ads
s-sssita.adb
s-sssita.ads
s-stache.adb
s-stache.ads
s-stalib.adb
s-stalib.ads
s-statxd.adb
s-statxd.ads
s-stoele.adb
s-stoele.ads
s-stopoo.adb
s-stopoo.ads
s-stposu.adb
s-stposu.ads
s-stratt.adb
s-stratt.ads
s-strhas.adb
s-strhas.ads
s-string.adb
s-string.ads
s-tasloc.adb
s-tasloc.ads
s-traceb.adb
s-traceb.ads
s-traent.adb
s-traent.ads
s-trasym.adb
s-trasym.ads
s-unstyp.ads
s-utf_32.adb
s-utf_32.ads
s-vade128.ads
s-vade32.ads
s-vade64.ads
s-vaen16.ads
s-vaen32.ads
s-vaenu8.ads
s-vafi128.ads
s-vafi32.ads
s-vafi64.ads
s-vaispe.adb
s-vaispe.ads
s-valboo.adb
s-valboo.ads
s-valcha.adb
s-valcha.ads
s-valflt.ads
s-valint.ads
s-vallfl.ads
s-valllf.ads
s-vallli.ads
s-valllli.ads
s-vallllu.ads
s-valllu.ads
s-valrea.adb
s-valrea.ads
s-valspe.adb
s-valspe.ads
s-valued.adb
s-valued.ads
s-valuef.adb
s-valuef.ads
s-valuei.adb
s-valuei.ads
s-valuen.adb
s-valuen.ads
s-valuer.adb
s-valuer.ads
s-valueu.adb
s-valueu.ads
s-valuns.ads
s-valuti.adb
s-valuti.ads
s-valwch.adb
s-valwch.ads
s-vauspe.adb
s-vauspe.ads
s-veboop.adb
s-veboop.ads
s-vector.ads
s-vercon.adb
s-vercon.ads
s-vs_int.ads
s-vs_lli.ads
s-vs_llu.ads
s-vs_uns.ads
s-vsllli.ads
s-vslllu.ads
s-wchcnv.adb
s-wchcnv.ads
s-wchcon.adb
s-wchcon.ads
s-wchjis.adb
s-wchjis.ads
s-wchstw.adb
s-wchstw.ads
s-wchwts.adb
s-wchwts.ads
s-widboo.adb
s-widboo.ads
s-widcha.adb
s-widcha.ads
s-widenu.adb
s-widenu.ads
s-widint.ads
s-widlli.ads
s-widllli.ads
s-widlllu.ads
s-widllu.ads
s-widthi.adb
s-widthi.ads
s-widthu.adb
s-widthu.ads
s-widuns.ads
s-widwch.adb
s-widwch.ads
s-wwdcha.adb
s-wwdcha.ads
s-wwdenu.adb
s-wwdenu.ads
s-wwdwch.adb
s-wwdwch.ads
tconfig.h
text_io.ads
tsystem.h
unchconv.ads
unchdeal.ads
unwind-dw2-fde-bb.c
unwind-dw2-fde.h
unwind-pe.h
