a-assert.adb
a-assert.ads
a-chahan.adb
a-chahan.ads
a-charac.ads
a-chlat1.ads
a-elchha.adb
a-elchha.ads
a-except.adb
a-except.ads
a-exetim.adb
a-exetim.ads
a-extiin.adb
a-extiin.ads
a-interr.adb
a-interr.ads
a-intnam.ads
a-nbnbig.adb
a-nbnbig.ads
a-ngelfu.adb
a-ngelfu.ads
a-nlelfu.ads
a-nllefu.ads
a-nselfu.ads
a-nubinu.ads
a-nuelfu.ads
a-numaux.ads
a-numeri.ads
a-reatim.adb
a-reatim.ads
a-retide.adb
a-retide.ads
a-rttiev.adb
a-rttiev.ads
a-stmaco.ads
a-strbou.adb
a-strbou.ads
a-strfix.adb
a-strfix.ads
a-string.ads
a-strmap.adb
a-strmap.ads
a-strsea.adb
a-strsea.ads
a-strsup.adb
a-strsup.ads
a-synbar.adb
a-synbar.ads
a-sytaco.adb
a-sytaco.ads
a-tags.adb
a-tags.ads
a-taside.adb
a-taside.ads
a-taster.adb
a-taster.ads
a-textio.adb
a-textio.ads
a-unccon.ads
a-uncdea.ads
ada.ads
context_switch.S
g-debuti.adb
g-debuti.ads
g-io-put.adb
g-io.adb
g-io.ads
g-sestin.ads
g-souinf.ads
gnat.ads
i-c.adb
i-c.ads
i-cexten.ads
i-cpoint.adb
i-cpoint.ads
i-cstrin.adb
i-cstrin.ads
i-fe310-plic.ads
i-fe310.ads
interfac.ads
machcode.ads
s-addope.adb
s-addope.ads
s-aridou.adb
s-aridou.ads
s-arit128.adb
s-arit128.ads
s-arit32.adb
s-arit32.ads
s-arit64.adb
s-arit64.ads
s-assert.adb
s-assert.ads
s-atacco.adb
s-atacco.ads
s-atocou.adb
s-atocou.ads
s-atopri.adb
s-atopri.ads
s-bb.ads
s-bbbopa.ads
s-bbbosu.adb
s-bbbosu.ads
s-bbcppr.adb
s-bbcppr.ads
s-bbcpsp.adb
s-bbcpsp.ads
s-bbexti.adb
s-bbexti.ads
s-bbinte.adb
s-bbinte.ads
s-bbpara.ads
s-bbprot.adb
s-bbprot.ads
s-bbripl.adb
s-bbripl.ads
s-bbsumu.adb
s-bbsuti.adb
s-bbthqu.adb
s-bbthqu.ads
s-bbthre.adb
s-bbthre.ads
s-bbtiev.adb
s-bbtiev.ads
s-bbtime.adb
s-bbtime.ads
s-bcprmu.adb
s-bcprmu.ads
s-bitops.adb
s-bitops.ads
s-boarop.ads
s-bytswa.ads
s-carsi8.adb
s-carsi8.ads
s-carun8.adb
s-carun8.ads
s-casi128.adb
s-casi128.ads
s-casi16.adb
s-casi16.ads
s-casi32.adb
s-casi32.ads
s-casi64.adb
s-casi64.ads
s-casuti.adb
s-casuti.ads
s-caun128.adb
s-caun128.ads
s-caun16.adb
s-caun16.ads
s-caun32.adb
s-caun32.ads
s-caun64.adb
s-caun64.ads
s-dorepr.adb
s-dourea.adb
s-dourea.ads
s-exnflt.ads
s-exnint.ads
s-exnlfl.ads
s-exnllf.ads
s-exnlli.ads
s-exnllli.ads
s-expint.ads
s-explli.ads
s-expllli.ads
s-explllu.ads
s-expllu.ads
s-expmod.adb
s-expmod.ads
s-exponn.adb
s-exponn.ads
s-exponr.adb
s-exponr.ads
s-expont.adb
s-expont.ads
s-exponu.adb
s-exponu.ads
s-expuns.ads
s-fatflt.ads
s-fatgen.adb
s-fatgen.ads
s-fatlfl.ads
s-fatllf.ads
s-flocon.adb
s-flocon.ads
s-gcmain.adb
s-gcmain.ads
s-geveop.adb
s-geveop.ads
s-imaged.adb
s-imaged.ads
s-imagef.adb
s-imagef.ads
s-imagei.adb
s-imagei.ads
s-imagen.adb
s-imagen.ads
s-imager.adb
s-imager.ads
s-imageu.adb
s-imageu.ads
s-imagew.adb
s-imagew.ads
s-imde128.ads
s-imde32.ads
s-imde64.ads
s-imen16.ads
s-imen32.ads
s-imenu8.ads
s-imfi128.ads
s-imfi32.ads
s-imfi64.ads
s-imgboo.adb
s-imgboo.ads
s-imgcha.adb
s-imgcha.ads
s-imgflt.ads
s-imgint.ads
s-imglfl.ads
s-imgllf.ads
s-imglli.ads
s-imgllli.ads
s-imglllu.ads
s-imglllw.ads
s-imgllu.ads
s-imgllw.ads
s-imguns.ads
s-imguti.adb
s-imguti.ads
s-imgwiu.ads
s-interr.adb
s-interr.ads
s-libdou.adb
s-libdou.ads
s-libm.adb
s-libm.ads
s-libpre.ads
s-libsin.adb
s-libsin.ads
s-lidosq.adb
s-lidosq.ads
s-lisisq.adb
s-lisisq.ads
s-maccod.ads
s-macres.adb
s-macres.ads
s-memcom.adb
s-memcom.ads
s-memcop.adb
s-memcop.ads
s-memmov.adb
s-memmov.ads
s-memory.adb
s-memory.ads
s-memset.adb
s-memset.ads
s-memtyp.ads
s-mufalo.adb
s-mufalo.ads
s-multip.adb
s-multip.ads
s-musplo.adb
s-musplo.ads
s-osinte.ads
s-pack03.adb
s-pack03.ads
s-pack05.adb
s-pack05.ads
s-pack06.adb
s-pack06.ads
s-pack07.adb
s-pack07.ads
s-pack09.adb
s-pack09.ads
s-pack10.adb
s-pack10.ads
s-pack100.adb
s-pack100.ads
s-pack101.adb
s-pack101.ads
s-pack102.adb
s-pack102.ads
s-pack103.adb
s-pack103.ads
s-pack105.adb
s-pack105.ads
s-pack106.adb
s-pack106.ads
s-pack107.adb
s-pack107.ads
s-pack108.adb
s-pack108.ads
s-pack109.adb
s-pack109.ads
s-pack11.adb
s-pack11.ads
s-pack110.adb
s-pack110.ads
s-pack111.adb
s-pack111.ads
s-pack113.adb
s-pack113.ads
s-pack114.adb
s-pack114.ads
s-pack115.adb
s-pack115.ads
s-pack116.adb
s-pack116.ads
s-pack117.adb
s-pack117.ads
s-pack118.adb
s-pack118.ads
s-pack119.adb
s-pack119.ads
s-pack12.adb
s-pack12.ads
s-pack121.adb
s-pack121.ads
s-pack122.adb
s-pack122.ads
s-pack123.adb
s-pack123.ads
s-pack124.adb
s-pack124.ads
s-pack125.adb
s-pack125.ads
s-pack126.adb
s-pack126.ads
s-pack127.adb
s-pack127.ads
s-pack13.adb
s-pack13.ads
s-pack14.adb
s-pack14.ads
s-pack15.adb
s-pack15.ads
s-pack17.adb
s-pack17.ads
s-pack18.adb
s-pack18.ads
s-pack19.adb
s-pack19.ads
s-pack20.adb
s-pack20.ads
s-pack21.adb
s-pack21.ads
s-pack22.adb
s-pack22.ads
s-pack23.adb
s-pack23.ads
s-pack25.adb
s-pack25.ads
s-pack26.adb
s-pack26.ads
s-pack27.adb
s-pack27.ads
s-pack28.adb
s-pack28.ads
s-pack29.adb
s-pack29.ads
s-pack30.adb
s-pack30.ads
s-pack31.adb
s-pack31.ads
s-pack33.adb
s-pack33.ads
s-pack34.adb
s-pack34.ads
s-pack35.adb
s-pack35.ads
s-pack36.adb
s-pack36.ads
s-pack37.adb
s-pack37.ads
s-pack38.adb
s-pack38.ads
s-pack39.adb
s-pack39.ads
s-pack41.adb
s-pack41.ads
s-pack42.adb
s-pack42.ads
s-pack43.adb
s-pack43.ads
s-pack44.adb
s-pack44.ads
s-pack45.adb
s-pack45.ads
s-pack46.adb
s-pack46.ads
s-pack47.adb
s-pack47.ads
s-pack49.adb
s-pack49.ads
s-pack50.adb
s-pack50.ads
s-pack51.adb
s-pack51.ads
s-pack52.adb
s-pack52.ads
s-pack53.adb
s-pack53.ads
s-pack54.adb
s-pack54.ads
s-pack55.adb
s-pack55.ads
s-pack57.adb
s-pack57.ads
s-pack58.adb
s-pack58.ads
s-pack59.adb
s-pack59.ads
s-pack60.adb
s-pack60.ads
s-pack61.adb
s-pack61.ads
s-pack62.adb
s-pack62.ads
s-pack63.adb
s-pack63.ads
s-pack65.adb
s-pack65.ads
s-pack66.adb
s-pack66.ads
s-pack67.adb
s-pack67.ads
s-pack68.adb
s-pack68.ads
s-pack69.adb
s-pack69.ads
s-pack70.adb
s-pack70.ads
s-pack71.adb
s-pack71.ads
s-pack73.adb
s-pack73.ads
s-pack74.adb
s-pack74.ads
s-pack75.adb
s-pack75.ads
s-pack76.adb
s-pack76.ads
s-pack77.adb
s-pack77.ads
s-pack78.adb
s-pack78.ads
s-pack79.adb
s-pack79.ads
s-pack81.adb
s-pack81.ads
s-pack82.adb
s-pack82.ads
s-pack83.adb
s-pack83.ads
s-pack84.adb
s-pack84.ads
s-pack85.adb
s-pack85.ads
s-pack86.adb
s-pack86.ads
s-pack87.adb
s-pack87.ads
s-pack89.adb
s-pack89.ads
s-pack90.adb
s-pack90.ads
s-pack91.adb
s-pack91.ads
s-pack92.adb
s-pack92.ads
s-pack93.adb
s-pack93.ads
s-pack94.adb
s-pack94.ads
s-pack95.adb
s-pack95.ads
s-pack97.adb
s-pack97.ads
s-pack98.adb
s-pack98.ads
s-pack99.adb
s-pack99.ads
s-parame.adb
s-parame.ads
s-powflt.ads
s-powlfl.ads
s-powllf.ads
s-reldel.adb
s-reldel.ads
s-restri.adb
s-restri.ads
s-retsta.ads
s-rident.ads
s-secsta.adb
s-secsta.ads
s-spark.ads
s-spcuop.adb
s-spcuop.ads
s-sssita.adb
s-sssita.ads
s-stache.adb
s-stache.ads
s-stoele.adb
s-stoele.ads
s-taprob.adb
s-taprob.ads
s-taprop.adb
s-taprop.ads
s-tarest.adb
s-tarest.ads
s-tasdeb.adb
s-tasdeb.ads
s-tasinf.adb
s-tasinf.ads
s-taskin.adb
s-taskin.ads
s-taspri.ads
s-tasque.adb
s-tasque.ads
s-tasres.ads
s-textio.adb
s-textio.ads
s-tpoben.adb
s-tpoben.ads
s-tpobmu.adb
s-tpobmu.ads
s-tpobop.adb
s-tpobop.ads
s-tposen.adb
s-tposen.ads
s-unstyp.ads
s-vade128.ads
s-vade32.ads
s-vade64.ads
s-vaen16.ads
s-vaen32.ads
s-vaenu8.ads
s-vafi128.ads
s-vafi32.ads
s-vafi64.ads
s-vaispe.adb
s-vaispe.ads
s-valboo.adb
s-valboo.ads
s-valcha.adb
s-valcha.ads
s-valflt.ads
s-valint.ads
s-vallfl.ads
s-valllf.ads
s-vallli.ads
s-valllli.ads
s-vallllu.ads
s-valllu.ads
s-valrea.adb
s-valrea.ads
s-valspe.adb
s-valspe.ads
s-valued.adb
s-valued.ads
s-valuef.adb
s-valuef.ads
s-valuei.adb
s-valuei.ads
s-valuen.adb
s-valuen.ads
s-valuer.adb
s-valuer.ads
s-valueu.adb
s-valueu.ads
s-valuns.ads
s-valuti.adb
s-valuti.ads
s-vauspe.adb
s-vauspe.ads
s-veboop.adb
s-veboop.ads
s-vector.ads
s-vs_int.ads
s-vs_lli.ads
s-vs_llu.ads
s-vs_uns.ads
s-vsllli.ads
s-vslllu.ads
s-widint.ads
s-widlli.ads
s-widllli.ads
s-widlllu.ads
s-widllu.ads
s-widthi.adb
s-widthi.ads
s-widthu.adb
s-widthu.ads
s-widuns.ads
start-ram.S
system.ads
text_io.ads
trap_handler.S
unchconv.ads
unchdeal.ads
