a-exetim.adb
a-exetim.ads
a-extiin.adb
a-extiin.ads
a-interr.adb
a-interr.ads
a-intnam.ads
a-reatim.adb
a-reatim.ads
a-retide.adb
a-retide.ads
a-rttiev.adb
a-rttiev.ads
a-synbar.adb
a-synbar.ads
a-sytaco.adb
a-sytaco.ads
a-taside.adb
a-taside.ads
a-taster.adb
a-taster.ads
context_switch.S
s-bbbosu.adb
s-bbbosu.ads
s-bbcppr.adb
s-bbcppr.ads
s-bbcpsp.adb
s-bbcpsp.ads
s-bbexti.adb
s-bbexti.ads
s-bbinte.adb
s-bbinte.ads
s-bbpara.ads
s-bbprot.adb
s-bbprot.ads
s-bbripl.adb
s-bbripl.ads
s-bbthqu.adb
s-bbthqu.ads
s-bbthre.adb
s-bbthre.ads
s-bbtiev.adb
s-bbtiev.ads
s-bbtime.adb
s-bbtime.ads
s-bcprmu.adb
s-bcprmu.ads
s-interr.adb
s-interr.ads
s-mufalo.adb
s-mufalo.ads
s-multip.adb
s-multip.ads
s-musplo.adb
s-musplo.ads
s-osinte.ads
s-reldel.adb
s-reldel.ads
s-restri.adb
s-restri.ads
s-rident.ads
s-taprob.adb
s-taprob.ads
s-taprop.adb
s-taprop.ads
s-tarest.adb
s-tarest.ads
s-tasdeb.adb
s-tasdeb.ads
s-tasinf.adb
s-tasinf.ads
s-taskin.adb
s-taskin.ads
s-taspri.ads
s-tasque.adb
s-tasque.ads
s-tasres.ads
s-tpoben.adb
s-tpoben.ads
s-tpobmu.adb
s-tpobmu.ads
s-tpobop.adb
s-tpobop.ads
s-tposen.adb
s-tposen.ads
trap_handler.S
