a-assert.adb
a-assert.ads
a-chahan.adb
a-chahan.ads
a-charac.ads
a-chlat1.ads
a-elchha.adb
a-elchha.ads
a-except.adb
a-except.ads
a-nbnbig.adb
a-nbnbig.ads
a-ngelfu.adb
a-ngelfu.ads
a-nlelfu.ads
a-nllefu.ads
a-nselfu.ads
a-nubinu.ads
a-nuelfu.ads
a-numaux.ads
a-numeri.ads
a-stmaco.ads
a-strbou.adb
a-strbou.ads
a-strfix.adb
a-strfix.ads
a-string.ads
a-strmap.adb
a-strmap.ads
a-strsea.adb
a-strsea.ads
a-strsup.adb
a-strsup.ads
a-tags.adb
a-tags.ads
a-textio.adb
a-textio.ads
a-unccon.ads
a-uncdea.ads
ada.ads
boot2.S
breakpoint_handler-cortexm.S
g-debuti.adb
g-debuti.ads
g-io-put.adb
g-io.adb
g-io.ads
g-sestin.ads
g-souinf.ads
gnat.ads
i-c.adb
i-c.ads
i-cexten.ads
i-cpoint.adb
i-cpoint.ads
i-cstrin.adb
i-cstrin.ads
i-rp2040-clocks.ads
i-rp2040-pll_sys.ads
i-rp2040-psm.ads
i-rp2040-resets.ads
i-rp2040-rosc.ads
i-rp2040-sio.ads
i-rp2040-timer.ads
i-rp2040-watchdog.ads
i-rp2040-xosc.ads
i-rp2040.ads
interfac.ads
machcode.ads
pico_config_checks.ads
pico_runtime_config.ads
rts_capabilities.ads
s-addope.adb
s-addope.ads
s-aridou.adb
s-aridou.ads
s-arit32.adb
s-arit32.ads
s-arit64.adb
s-arit64.ads
s-assert.adb
s-assert.ads
s-atacco.adb
s-atacco.ads
s-atocou.adb
s-atocou.ads
s-atopri.adb
s-atopri.ads
s-bb.ads
s-bbarat.adb
s-bbarat.ads
s-bbbopa.ads
s-bbmcpa.ads
s-bitops.adb
s-bitops.ads
s-boarop.ads
s-bootro.adb
s-bootro.ads
s-bytswa.ads
s-carsi8.adb
s-carsi8.ads
s-carun8.adb
s-carun8.ads
s-casi16.adb
s-casi16.ads
s-casi32.adb
s-casi32.ads
s-casi64.adb
s-casi64.ads
s-casuti.adb
s-casuti.ads
s-caun16.adb
s-caun16.ads
s-caun32.adb
s-caun32.ads
s-caun64.adb
s-caun64.ads
s-dorepr.adb
s-dourea.adb
s-dourea.ads
s-exnflt.ads
s-exnint.ads
s-exnlfl.ads
s-exnllf.ads
s-exnlli.ads
s-expint.ads
s-explli.ads
s-expllu.ads
s-expmod.adb
s-expmod.ads
s-exponn.adb
s-exponn.ads
s-exponr.adb
s-exponr.ads
s-expont.adb
s-expont.ads
s-exponu.adb
s-exponu.ads
s-expuns.ads
s-fatflt.ads
s-fatgen.adb
s-fatgen.ads
s-fatlfl.ads
s-fatllf.ads
s-flocon.adb
s-flocon.ads
s-gcmain.adb
s-gcmain.ads
s-geveop.adb
s-geveop.ads
s-imaged.adb
s-imaged.ads
s-imagef.adb
s-imagef.ads
s-imagei.adb
s-imagei.ads
s-imagen.adb
s-imagen.ads
s-imager.adb
s-imager.ads
s-imageu.adb
s-imageu.ads
s-imagew.adb
s-imagew.ads
s-imde32.ads
s-imde64.ads
s-imen16.ads
s-imen32.ads
s-imenu8.ads
s-imfi32.ads
s-imfi64.ads
s-imgboo.adb
s-imgboo.ads
s-imgcha.adb
s-imgcha.ads
s-imgflt.ads
s-imgint.ads
s-imglfl.ads
s-imgllf.ads
s-imglli.ads
s-imgllu.ads
s-imgllw.ads
s-imguns.ads
s-imguti.adb
s-imguti.ads
s-imgwiu.ads
s-libdou.adb
s-libdou.ads
s-libm.adb
s-libm.ads
s-libpre.ads
s-libsin.adb
s-libsin.ads
s-lidosq.adb
s-lidosq.ads
s-lisisq.adb
s-lisisq.ads
s-maccod.ads
s-macres.adb
s-macres.ads
s-memcom.adb
s-memcom.ads
s-memcop.adb
s-memcop.ads
s-memmov.adb
s-memmov.ads
s-memory.adb
s-memory.ads
s-memset.adb
s-memset.ads
s-memtyp.ads
s-pack03.adb
s-pack03.ads
s-pack05.adb
s-pack05.ads
s-pack06.adb
s-pack06.ads
s-pack07.adb
s-pack07.ads
s-pack09.adb
s-pack09.ads
s-pack10.adb
s-pack10.ads
s-pack11.adb
s-pack11.ads
s-pack12.adb
s-pack12.ads
s-pack13.adb
s-pack13.ads
s-pack14.adb
s-pack14.ads
s-pack15.adb
s-pack15.ads
s-pack17.adb
s-pack17.ads
s-pack18.adb
s-pack18.ads
s-pack19.adb
s-pack19.ads
s-pack20.adb
s-pack20.ads
s-pack21.adb
s-pack21.ads
s-pack22.adb
s-pack22.ads
s-pack23.adb
s-pack23.ads
s-pack25.adb
s-pack25.ads
s-pack26.adb
s-pack26.ads
s-pack27.adb
s-pack27.ads
s-pack28.adb
s-pack28.ads
s-pack29.adb
s-pack29.ads
s-pack30.adb
s-pack30.ads
s-pack31.adb
s-pack31.ads
s-pack33.adb
s-pack33.ads
s-pack34.adb
s-pack34.ads
s-pack35.adb
s-pack35.ads
s-pack36.adb
s-pack36.ads
s-pack37.adb
s-pack37.ads
s-pack38.adb
s-pack38.ads
s-pack39.adb
s-pack39.ads
s-pack41.adb
s-pack41.ads
s-pack42.adb
s-pack42.ads
s-pack43.adb
s-pack43.ads
s-pack44.adb
s-pack44.ads
s-pack45.adb
s-pack45.ads
s-pack46.adb
s-pack46.ads
s-pack47.adb
s-pack47.ads
s-pack49.adb
s-pack49.ads
s-pack50.adb
s-pack50.ads
s-pack51.adb
s-pack51.ads
s-pack52.adb
s-pack52.ads
s-pack53.adb
s-pack53.ads
s-pack54.adb
s-pack54.ads
s-pack55.adb
s-pack55.ads
s-pack57.adb
s-pack57.ads
s-pack58.adb
s-pack58.ads
s-pack59.adb
s-pack59.ads
s-pack60.adb
s-pack60.ads
s-pack61.adb
s-pack61.ads
s-pack62.adb
s-pack62.ads
s-pack63.adb
s-pack63.ads
s-parame.adb
s-parame.ads
s-powflt.ads
s-powlfl.ads
s-powllf.ads
s-retsta.ads
s-secsta.adb
s-secsta.ads
s-semiho.adb
s-semiho.ads
s-sgshca.adb
s-spark.ads
s-spcuop.adb
s-spcuop.ads
s-sssita.adb
s-sssita.ads
s-stache.adb
s-stache.ads
s-stoele.adb
s-stoele.ads
s-textio.adb
s-textio.ads
s-unstyp.ads
s-vade32.ads
s-vade64.ads
s-vaen16.ads
s-vaen32.ads
s-vaenu8.ads
s-vafi32.ads
s-vafi64.ads
s-vaispe.adb
s-vaispe.ads
s-valboo.adb
s-valboo.ads
s-valcha.adb
s-valcha.ads
s-valflt.ads
s-valint.ads
s-vallfl.ads
s-valllf.ads
s-vallli.ads
s-valllu.ads
s-valrea.adb
s-valrea.ads
s-valspe.adb
s-valspe.ads
s-valued.adb
s-valued.ads
s-valuef.adb
s-valuef.ads
s-valuei.adb
s-valuei.ads
s-valuen.adb
s-valuen.ads
s-valuer.adb
s-valuer.ads
s-valueu.adb
s-valueu.ads
s-valuns.ads
s-valuti.adb
s-valuti.ads
s-vauspe.adb
s-vauspe.ads
s-veboop.adb
s-veboop.ads
s-vector.ads
s-vs_int.ads
s-vs_lli.ads
s-vs_llu.ads
s-vs_uns.ads
s-widint.ads
s-widlli.ads
s-widllu.ads
s-widthi.adb
s-widthi.ads
s-widthu.adb
s-widthu.ads
s-widuns.ads
setup_clocks.adb
start-rom.S
system.ads
text_io.ads
unchconv.ads
unchdeal.ads
